------------------------------------------------------------
TimeQuest Timing Analyzer Summary
------------------------------------------------------------

Type  : Slow 1200mV 85C Model Setup 'clk'
Slack : -0.591
TNS   : -1.403

Type  : Slow 1200mV 85C Model Setup 'QI[0]'
Slack : 0.235
TNS   : 0.000

Type  : Slow 1200mV 85C Model Hold 'clk'
Slack : 0.203
TNS   : 0.000

Type  : Slow 1200mV 85C Model Hold 'QI[0]'
Slack : 0.358
TNS   : 0.000

Type  : Slow 1200mV 85C Model Minimum Pulse Width 'clk'
Slack : -3.000
TNS   : -6.000

Type  : Slow 1200mV 85C Model Minimum Pulse Width 'QI[0]'
Slack : -1.000
TNS   : -2.000

Type  : Slow 1200mV 0C Model Setup 'clk'
Slack : -0.429
TNS   : -0.925

Type  : Slow 1200mV 0C Model Setup 'QI[0]'
Slack : 0.314
TNS   : 0.000

Type  : Slow 1200mV 0C Model Hold 'clk'
Slack : 0.161
TNS   : 0.000

Type  : Slow 1200mV 0C Model Hold 'QI[0]'
Slack : 0.318
TNS   : 0.000

Type  : Slow 1200mV 0C Model Minimum Pulse Width 'clk'
Slack : -3.000
TNS   : -6.000

Type  : Slow 1200mV 0C Model Minimum Pulse Width 'QI[0]'
Slack : -1.000
TNS   : -2.000

Type  : Fast 1200mV 0C Model Setup 'clk'
Slack : -0.187
TNS   : -0.310

Type  : Fast 1200mV 0C Model Setup 'QI[0]'
Slack : 0.572
TNS   : 0.000

Type  : Fast 1200mV 0C Model Hold 'clk'
Slack : 0.102
TNS   : 0.000

Type  : Fast 1200mV 0C Model Hold 'QI[0]'
Slack : 0.193
TNS   : 0.000

Type  : Fast 1200mV 0C Model Minimum Pulse Width 'clk'
Slack : -3.000
TNS   : -6.288

Type  : Fast 1200mV 0C Model Minimum Pulse Width 'QI[0]'
Slack : -1.000
TNS   : -2.000

------------------------------------------------------------
