Microsoft (R) Macro Assembler Version 6.11		    12/17/13 22:09:33
tempfile.asm						     Page 1 - 1


 0000				DATAS SEGMENT
				    ;此处输入数据段代码
 0000 02			    ARRAY DB 2   
 0001				DATAS ENDS

 0000				STACKS SEGMENT
				    ;此处输入堆栈段代码
 0000				STACKS ENDS

 0000				CODES SEGMENT
				    ASSUME CS:CODES,DS:DATAS,SS:STACKS
 0000				START:
 0000  B8 ---- R		    MOV AX,DATAS
 0003  8E D8			    MOV DS,AX
				    ;此处输入代码段代码
 0005  B4 01			    MOV AH,01H
 0007  CD 21			    INT 21H
 0009  BB 0000			    MOV BX,0
 000C  88 07			    MOV [BX],AL
 000E  8A 17			    MOV DL,[BX]
 0010  B4 02			    MOV AH,02H
 0012  CD 21			    INT 21H
 0014  B4 4C			    MOV AH,4CH
 0016  CD 21			    INT 21H
 0018				CODES ENDS
				    END START
Microsoft (R) Macro Assembler Version 6.11		    12/17/13 22:09:33
tempfile.asm						     Symbols 2 - 1




Segments and Groups:

                N a m e                 Size     Length   Align   Combine Class

CODES  . . . . . . . . . . . . .	16 Bit	 0018	  Para	  Private 
DATAS  . . . . . . . . . . . . .	16 Bit	 0001	  Para	  Private 
STACKS . . . . . . . . . . . . .	16 Bit	 0000	  Para	  Private 


Symbols:

                N a m e                 Type     Value    Attr

ARRAY  . . . . . . . . . . . . .	Byte	 0000	  DATAS	
START  . . . . . . . . . . . . .	L Near	 0000	  CODES	

	   0 Warnings
	   0 Errors
