Microsoft (R) Macro Assembler Version 6.11		    12/30/13 21:11:10
tempfile.asm						     Page 1 - 1


 0000				DATAS SEGMENT
				    ;此处输入数据段代码
 0000  0014 [			    CHAR DB 20 DUP(0),'$'
        00
       ] 24
 0015  0014 [			    CHARS DB 20 DUP(0),'$'
        00
       ] 24
 002A  0014 [			    COUNT DB 20 DUP(0),'$'
        00
       ] 24
 003F 0A 0D 24			    CRLF DB 0AH,0DH,'$'
 0042 00 24			    SPACE DB 0,'$'
 0044 50 6C 65 61 73 65		    SHURU DB 'Please input 20 char:$'
       20 69 6E 70 75 74
       20 32 30 20 63 68
       61 72 3A 24
 005A				DATAS ENDS

 0000				STACKS SEGMENT
 0000  0008 [				DB 8 DUP(0)
        00
       ]
 0008				STACKS ENDS

 0000				CODES SEGMENT
				    ASSUME CS:CODES,DS:DATAS,SS:STACKS
 0000				START:
 0000  B8 ---- R		    MOV AX,DATAS
 0003  8E D8			    MOV DS,AX
				    
 0005  BA 0044 R		    MOV DX,OFFSET SHURU
 0008  B4 09				MOV AH,09H
 000A  CD 21				INT 21H
				;<<<<<<<<<<<<<<<<<<<<<<<<<<<<<<<<<<<<<<<<<<<<<<<
				;输入字符串到char中
 000C  BB 0000			    MOV BX,0
 000F  B9 0014				MOV CX,20
 0012				INPUT:
 0012  B4 01				MOV AH,01H
 0014  CD 21				INT 21H
 0016  88 87 0000 R			MOV CHAR[BX],AL
 001A  43				INC BX
 001B  E2 F5				LOOP INPUT
				;<<<<<<<<<<<<<<<<<<<<<<<<<<<<<<<<<<<<<<<<<<<<<<<
				;外循环依次取出CHAR里的字母，与0比较
 001D  BB 0000				MOV BX,0
 0020  BF 0000				MOV DI,0
 0023  C6 06 002A R 01			MOV COUNT[0],1
 0028  B9 0014				MOV CX,20
 002B  51			WAI:PUSH CX
 002C  B8 0000				MOV AX,0
 002F  38 87 0000 R			CMP CHAR[BX],AL
 0033  74 21				JZ	NEXT			;是0就跳下一次循环
 0035  8A 87 0000 R			MOV AL,CHAR[BX]		;将CHAR[BX]放入AL中
 0039  BE 0001				MOV SI,1
 003C  B9 0014				MOV CX,20
 003F				NEI:					;不是0就与自己以下的字母比较
 003F  8A 10				MOV DL,[BX+SI]
 0041  88 85 0015 R			MOV CHARS[DI],AL
 0045  38 D0				CMP AL,DL
 0047  75 09				JNZ L				;不相等，和下一个字母比较			
										
 0049  C6 80 0000 R 00			MOV CHAR[BX+SI],0	;相等，置〇，
 004E  FE 85 002A R			INC COUNT[DI]
 0052  46			L:	INC SI
 0053  E2 EA				LOOP NEI
 0055  47				INC DI	
 0056				NEXT:
 0056  43				INC BX
 0057  59				POP CX
 0058  E2 D1				LOOP WAI
					
 005A  BA 003F R			MOV DX,OFFSET CRLF
 005D  B4 09				MOV AH,09H
 005F  CD 21				INT 21H
				;<<<<<<<<<<<<<<<<<<<<<<<<<<<<<<<<<<<<<<<<<<<<<<<<<<<<<<<<
				;将COUNT里的值一次与987654321比较
				;有相等的的输出COUNT[SI]和CHAR[SI]
 0061  B3 0A				MOV BL,10	
 0063  B9 000A				MOV CX,10
 0066  51			R:	PUSH CX
 0067  BE 0000				MOV SI,0
 006A  B9 000A				MOV CX,10
 006D  3A 9C 002A R		S:	CMP BL,COUNT[SI]
 0071  75 21				JNZ NEXT1
 0073  8A 94 002A R			MOV DL,COUNT[SI]	;输出数字
 0077  80 C2 30				ADD DL,30H
 007A  B4 02				MOV AH,02H
 007C  CD 21				INT 21H
					
 007E  BA 0042 R			MOV DX,OFFSET SPACE
 0081  B4 09				MOV AH,09H
 0083  CD 21				INT 21H
					
 0085  8A 94 0015 R			MOV DL,CHARS[SI]	;输出字母
 0089  B4 02				MOV AH,02H
 008B  CD 21				INT 21H
 008D  BA 003F R			MOV DX,OFFSET CRLF
 0090  B4 09				MOV AH,09H
 0092  CD 21				INT 21H
 0094				NEXT1:
 0094  46				INC SI
 0095  E2 D6				LOOP S
 0097  59				POP CX
 0098  FE CB				DEC BL
 009A  E2 CA				LOOP R
 009C  B4 4C			    MOV AH,4CH
 009E  CD 21			    INT 21H
 00A0				CODES ENDS
				    END START


Microsoft (R) Macro Assembler Version 6.11		    12/30/13 21:11:10
tempfile.asm						     Symbols 2 - 1




Segments and Groups:

                N a m e                 Size     Length   Align   Combine Class

CODES  . . . . . . . . . . . . .	16 Bit	 00A0	  Para	  Private 
DATAS  . . . . . . . . . . . . .	16 Bit	 005A	  Para	  Private 
STACKS . . . . . . . . . . . . .	16 Bit	 0008	  Para	  Private 


Symbols:

                N a m e                 Type     Value    Attr

CHARS  . . . . . . . . . . . . .	Byte	 0015	  DATAS	
CHAR . . . . . . . . . . . . . .	Byte	 0000	  DATAS	
COUNT  . . . . . . . . . . . . .	Byte	 002A	  DATAS	
CRLF . . . . . . . . . . . . . .	Byte	 003F	  DATAS	
INPUT  . . . . . . . . . . . . .	L Near	 0012	  CODES	
L  . . . . . . . . . . . . . . .	L Near	 0052	  CODES	
NEI  . . . . . . . . . . . . . .	L Near	 003F	  CODES	
NEXT1  . . . . . . . . . . . . .	L Near	 0094	  CODES	
NEXT . . . . . . . . . . . . . .	L Near	 0056	  CODES	
R  . . . . . . . . . . . . . . .	L Near	 0066	  CODES	
SHURU  . . . . . . . . . . . . .	Byte	 0044	  DATAS	
SPACE  . . . . . . . . . . . . .	Byte	 0042	  DATAS	
START  . . . . . . . . . . . . .	L Near	 0000	  CODES	
S  . . . . . . . . . . . . . . .	L Near	 006D	  CODES	
WAI  . . . . . . . . . . . . . .	L Near	 002B	  CODES	

	   0 Warnings
	   0 Errors
